
MAP
    EXTENT 50000 1990000 900000 2225000                   
    UNITS meters
    SIZE 800 550
    SHAPEPATH "C:/ms4w/apps/initiative/initiative_data"
    RESOLUTION 96
    IMAGETYPE png
    INTERLACE OFF
    PROJECTION
           'proj=utm'
		    'zone=18'
			'ellps=WGS84'
			'datum=WGS84'
			'units=m'
			'no_defs'
			''
    END
	
	
	
	WEB
	  MINSCALE 500
	  MAXSCALE 5000000
	  TEMPLATE "formeProjet.phtml"
	  IMAGEPATH "C:/ms4w/tmp/ms_tmp/"
	  IMAGEURL "/ms_tmp/"
	  METADATA
	  END # Metadata
	END #web
	
	REFERENCE
	EXTENT 550000 1990000 900000 2225000
	IMAGE "../../images/Haiti.png"
	SIZE 255 150 
	COLOR -1 -1 -1
	OUTLINECOLOR 255 0 0
	END 
	
    SYMBOL
        Name 'circle'
        Type ELLIPSE
        Filled TRUE
		Points
		1 1
		END
    END
	
	
	
SYMBOL
Name 'plus'
Type VECTOR
Points
.5 0
.5 1
-99 -99
0 .5
1 .5
END
END 
	
	SYMBOL
        Name 'triangle'
        Type VECTOR
        Filled TRUE
		Points
		0.5 1
		0 0
		1 0
		0.5 1
		END
    END
	
	SYMBOL
        Name 'square'
        Type VECTOR
        Filled TRUE
		Points
		0 1
		0 0
		1 0
		1 1
		0 1
		END
    END
	
	
	
LAYER
  NAME "Relief"
  TYPE RASTER
  STATUS DEFAULT
  DATA "w001001.adf"
   

END # layer


		
		
	
LAYER
	    NAME "COMMUNE"
		TYPE POLYGON
		CONNECTIONTYPE POSTGIS
         CONNECTION "host=127.0.0.1 dbname=db_projet user=postgres password=cnigs port=5432"
         DATA "geom from limite_commune using unique gid using srid=32618"
		#DATA "commune.shp"
		STATUS DEFAULT
		TEMPLATE void
		METADATA
              "DESCRIPTION" "COMMUNE"
              "RESULT_HEADERS" "COMMUNE"
			  "RESULT_FIELDS" "commune"			  
              "LAYER_ENCODING" "LATIN1"
			  "RESULT_HYPERLINK" "commune"  # config/default/custom.js
         END #METADATA
	    LABELITEM "commune"
	   LABELMAXSCALE 700000	
		CLASS
		     NAME "Commune"
			 STYLE
			 
			     
			        SYMBOL 0
			        WIDTH 1
					OUTLINECOLOR 0 0 0
					COLOR 241 244 199
					OPACITY 90
					
			 END
		     
		END #class		
	END #Layer
	
	


	
	
	LAYER
	    NAME "DEPARTEMENT"
		TYPE POLYGON
		CONNECTIONTYPE POSTGIS
         CONNECTION "host=127.0.0.1 dbname=db_projet user=postgres password=cnigs port=5432"
		 DATA "geom from  limite_depart using unique gid using srid=32618"    
		 TRANSPARENCY 70
        STATUS DEFAULT
		TEMPLATE void
		 METADATA
              "DESCRIPTION" "DEPARTEMENT"
              "RESULT_HEADERS" "DEPARTEMENT"
			  "RESULT_FIELDS" "departemen"			  
              "LAYER_ENCODING" "LATIN1"
			  "RESULT_HYPERLINK" "departemen"  # config/default/custom.js
         END #METADATA
	    LABELITEM "departemen"
		
		
		
  
		CLASS
		     NAME "Departement"
			 STYLE
			        #COLOR 173 216 230
			        SYMBOL 0
			        WIDTH 2
					#COLOR 255 255 204
                    OUTLINECOLOR 0 0 0
			 END
		     LABEL
			      TYPE TRUETYPE
				  #FONT FreeSansBold
				  SIZE 10
				  COLOR 0 0 0
				  #OUTLINECOLOR 255 255 255
				  ANGLE 0
				  BUFFER 1
			END	 
		END #class	
	END #Layer
	
	
	

	
	LAYER
	    NAME "INITIATIVE"
		TYPE POINT
		CONNECTIONTYPE POSTGIS
         CONNECTION "host=127.0.0.1 dbname=db_projet user=postgres password=cnigs port=5432"
		 DATA "geom from point_initiative  using unique code_initi using srid=32618 "    
	
        STATUS DEFAULT
		TEMPLATE void
		METADATA
              "DESCRIPTION" "INITIATIVE DU PAYS"
              "RESULT_HEADERS" "COMMUNE,CODE,INSTITUTION/ORGANISATION,PROJET,PERSONNE REFERENCE, ADRESSE, TELEPHONE, EMAIL, DEPARTEMENT, OBJECTIF GENERAL, OBJECTIFS SPECIFIQUES, RESULTATS ATTENDUS, COUT DU PROJET, DONATEUR, SOUS EXECUTANT,MONTANT,BUDGET,DUREE,DATE DEMARAGE, VOLET DE MISE EN OEUVRE"
			  "RESULT_FIELDS" "commune,code_initi,nom_initiative,projet_executes,personne_reference,adresse,telephone,email,departement,objectif_general,objectif_specifique,resultats,cout_du_projet,donateur,sous_executant,montant_attribue,budget_annuel,duree_projet,date_demarage,volet "		  
              "LAYER_ENCODING" "LATIN1"
			  "RESULT_HYPERLINK" "departement"  # config/default/custom.js
         END #METADATA
	    #LABELITEM "code_initi"
		  LABELMAXSCALE 650000	
		CLASS
		     NAME "Initiative haiti"
			 STYLE
			    SYMBOL "circle"
	            SIZE 6
				OUTLINECOLOR 255 255 255	
			    COLOR 0 153 153		    
	        END #STYLE
			 
		     LABEL
			      TYPE TRUETYPE
				  #FONT FreeSansBold
				  SIZE 5
				  COLOR 0 0 80
				  OUTLINECOLOR 255 255 255
				  ANGLE 0
				  BUFFER 1
			END	 
		END #class	
	END #Layer
	
	

	
	






		LAYER
         NAME "route"
         STATUS ON
         TYPE LINE
		 CONNECTIONTYPE POSTGIS
        CONNECTION "host=127.0.0.1 dbname=db_projet user=postgres password=cnigs port=5432"
		 DATA "geom from  route using unique gid using srid=32618"    
  
      
         #MAXSCALE 500000
         TEMPLATE void
         METADATA
              "DESCRIPTION" "ROUTE"
              "RESULT_HEADERS" "TYPE"
			  "RESULT_FIELDS" "type_tronc"			  
              "LAYER_ENCODING" "LATIN1"
			  "RESULT_HYPERLINK" "name"  # config/default/custom.js
         END #METADATA
		 
        LABELITEM "desc_"
        #LABELMAXSCALE 250000	
		CLASSITEM "type_tronc" # il faut mettre le nom du champ de la base
		
		
		CLASS
            NAME "Route national"
			EXPRESSION "RN"
	        STYLE
			    SYMBOL 0
	            WIDTH 1.5
		
			    OUTLINECOLOR 204 0 0		    
	        END #STYLE
		
		    
        END #CLASS
		
		CLASS
            NAME "Route Departementale"
			EXPRESSION "RD"
	        STYLE
			    SYMBOL 0
	            WIDTH 1
			    OUTLINECOLOR 255 178 102		    
	        END #STYLE
		
		   
        END #CLASS
		
		
    END #LAYER	
	
	
	
		
			LAYER
         NAME "ville"
		 #STATUS DEFAULT 
         STATUS ON
         TYPE POINT
		 CONNECTIONTYPE POSTGIS
         CONNECTION "host=127.0.0.1 dbname=db_projet user=postgres password=cnigs port=5432"
         DATA "geom from villesutm using unique gid using srid=32618"
         #DATA "villesutm.shp"   
         #MAXSCALE 500000
         TEMPLATE void     
         METADATA
              "DESCRIPTION" "VILLE"
              "LAYER_ENCODING" "LATIN1"
         END #METADATA
         LABELITEM "commune" #// il faut mettre le nom du champ de la base
		 
         #LABELMAXSCALE 750000	
		 
		 CLASSITEM "type" #// il faut mettre le nom du champ de la base
		
		 CLASS
            NAME "Capital"
			EXPRESSION "1"  #// EXPRESSION contient la valeur du champs
	        STYLE
			    SYMBOL "square"
	            SIZE 10
				OUTLINECOLOR 255 0 0
				WIDTH 1
			    COLOR 204 0 0		    
	        END #STYLE
			 LABEL
			      TYPE TRUETYPE
			    POSITION Auto
				  SIZE 6
				  COLOR 0 0 0
				  OUTLINECOLOR 255 255 255
				  ANGLE 0
				  BUFFER 1
			END	 
         END #CLASS
		
		 CLASS
            NAME "Ville Departementale"
			EXPRESSION "2"  #// EXPRESSION contient la valeur du champs
	        STYLE
			    SYMBOL "square"
	            SIZE 7
				OUTLINECOLOR 204 0 0
			    COLOR 204 0 0		    
	        END #STYLE	
             LABEL
			      TYPE TRUETYPE
				POSITION Auto
				  SIZE 6
				  COLOR 0 0 0
				  OUTLINECOLOR 255 255 255
				  ANGLE 0
				  BUFFER 1
			END	 	    
         END #CLASS
		 
         CLASS
            NAME "Ville Communale"
			EXPRESSION "3"  #// EXPRESSION contient la valeur du champs
	        STYLE
			    SYMBOL "square"
	            SIZE 5
				OUTLINECOLOR 204 102 0	  		
			    COLOR 204 102 0	    
	        END #STYLE
           	 LABEL
			      TYPE TRUETYPE
				     POSITION Auto
				  #FONT FreeSansBold
				  SIZE 5
				  COLOR 0 0 0
				  OUTLINECOLOR 255 255 255
				  #FONT BOLD
				  ANGLE 0
				  BUFFER 2
			END	 
         END #CLASS
		 	
    END #LAYER
	
END #Map